// Jest Snapshot v1, https://goo.gl/fbAQLP

exports[`test list component check components instance data 1`] = `"<wx-view class=\\"main--list\\" style=\\"\\"><wx-view class=\\"main--defaultClass\\">default component content </wx-view><wx-view class=\\"main--changeFlagClass\\" data-eventconfigs=\\"[object Object]\\">change SomeClassShowTwoFlag</wx-view><wx-view class=\\"main--someTimeDeferActionClass\\">trigger someTimeDeferAction</wx-view><wx-view class=\\"main--status_one\\">status one</wx-view><wx-view><list><wx-view>componentlist</wx-view></list></wx-view></wx-view>"`;

exports[`test list component test comp different data 1`] = `"<wx-view class=\\"main--list\\" style=\\"\\"><wx-view class=\\"main--defaultClass\\">default component content 2</wx-view><wx-view class=\\"main--changeFlagClass\\" data-eventconfigs=\\"[object Object]\\">change SomeClassShowTwoFlag</wx-view><wx-view class=\\"main--someTimeDeferActionClass\\">trigger someTimeDeferAction</wx-view><wx-view class=\\"main--status_two\\">status two</wx-view><wx-view><list><wx-view>componentlist</wx-view></list></wx-view></wx-view>"`;

exports[`test list component test comp different data 2`] = `"<wx-view class=\\"main--list\\" style=\\"\\"><wx-view class=\\"main--defaultClass\\">default component content 3</wx-view><wx-view class=\\"main--changeFlagClass\\" data-eventconfigs=\\"[object Object]\\">change SomeClassShowTwoFlag</wx-view><wx-view class=\\"main--someTimeDeferActionClass\\">trigger someTimeDeferAction</wx-view><wx-view class=\\"main--status_three\\">status three</wx-view><wx-view><list><wx-view>componentlist</wx-view></list></wx-view></wx-view>"`;

exports[`test list component test data someClassShowOne change 1`] = `"<wx-view class=\\"main--list\\" style=\\"\\"><wx-view class=\\"main--defaultClass\\">default component content 3</wx-view><wx-view class=\\"main--someClassShowOne\\">someClassShowOne</wx-view><wx-view class=\\"main--changeFlagClass\\" data-eventconfigs=\\"[object Object]\\">change SomeClassShowTwoFlag</wx-view><wx-view class=\\"main--someTimeDeferActionClass\\">trigger someTimeDeferAction</wx-view><wx-view class=\\"main--status_three\\">status three</wx-view><wx-view><list><wx-view>componentlist</wx-view></list></wx-view></wx-view>"`;

exports[`test list component test props different values correspond to different performance 1`] = `"some successContent"`;

exports[`test list component test someClassShowTwoFlag tap event trigger 1`] = `"<wx-view class=\\"main--list\\" style=\\"\\"><wx-view class=\\"main--defaultClass\\">default component content 1</wx-view><wx-view class=\\"main--someClassShowTwo\\">someClassShowTwo content</wx-view><wx-view class=\\"main--changeFlagClass\\" data-eventconfigs=\\"[object Object]\\">change SomeClassShowTwoFlag</wx-view><wx-view class=\\"main--someTimeDeferActionClass\\">trigger someTimeDeferAction</wx-view><wx-view class=\\"main--status_one\\">status one</wx-view><wx-view class=\\"main--someCompShow\\">someCompShow content</wx-view><wx-view><list><wx-view>componentlist</wx-view></list></wx-view></wx-view>"`;

exports[`test list component test someTimeDeferAction tap event trigger 1`] = `"<wx-view class=\\"main--list\\" style=\\"\\"><wx-view class=\\"main--defaultClass\\">default component content 1</wx-view><wx-view class=\\"main--timeDeferFlagClass\\">true</wx-view><wx-view class=\\"main--changeFlagClass\\" data-eventconfigs=\\"[object Object]\\">change SomeClassShowTwoFlag</wx-view><wx-view class=\\"main--someTimeDeferActionClass\\">trigger someTimeDeferAction</wx-view><wx-view class=\\"main--status_one\\">status one</wx-view><wx-view class=\\"main--someCompShow\\">someCompShow content</wx-view><wx-view><list><wx-view>componentlist</wx-view></list></wx-view></wx-view>"`;
